stm32f4xx_hal_i2c.c:435:19:HAL_I2C_Init	24	static
stm32f4xx_hal_i2c.c:550:19:HAL_I2C_DeInit	16	static
stm32f4xx_hal_i2c.c:596:13:HAL_I2C_MspInit	16	static
stm32f4xx_hal_i2c.c:612:13:HAL_I2C_MspDeInit	16	static
stm32f4xx_hal_i2c.c:1032:19:HAL_I2C_Master_Transmit	40	static
stm32f4xx_hal_i2c.c:1153:19:HAL_I2C_Master_Receive	56	static
stm32f4xx_hal_i2c.c:1397:19:HAL_I2C_Slave_Transmit	48	static
stm32f4xx_hal_i2c.c:1527:19:HAL_I2C_Slave_Receive	48	static
stm32f4xx_hal_i2c.c:1648:19:HAL_I2C_Master_Transmit_IT	32	static
stm32f4xx_hal_i2c.c:1728:19:HAL_I2C_Master_Receive_IT	32	static
stm32f4xx_hal_i2c.c:1811:19:HAL_I2C_Slave_Transmit_IT	24	static
stm32f4xx_hal_i2c.c:1873:19:HAL_I2C_Slave_Receive_IT	24	static
stm32f4xx_hal_i2c.c:1937:19:HAL_I2C_Master_Transmit_DMA	32	static
stm32f4xx_hal_i2c.c:2095:19:HAL_I2C_Master_Receive_DMA	32	static
stm32f4xx_hal_i2c.c:2251:19:HAL_I2C_Slave_Transmit_DMA	32	static
stm32f4xx_hal_i2c.c:2365:19:HAL_I2C_Slave_Receive_DMA	32	static
stm32f4xx_hal_i2c.c:2484:19:HAL_I2C_Mem_Write	40	static
stm32f4xx_hal_i2c.c:2607:19:HAL_I2C_Mem_Read	56	static
stm32f4xx_hal_i2c.c:2854:19:HAL_I2C_Mem_Write_IT	32	static
stm32f4xx_hal_i2c.c:2942:19:HAL_I2C_Mem_Read_IT	32	static
stm32f4xx_hal_i2c.c:3036:19:HAL_I2C_Mem_Write_DMA	48	static
stm32f4xx_hal_i2c.c:3221:19:HAL_I2C_Mem_Read_DMA	56	static
stm32f4xx_hal_i2c.c:3420:19:HAL_I2C_IsDeviceReady	48	static
stm32f4xx_hal_i2c.c:3556:19:HAL_I2C_Master_Seq_Transmit_IT	32	static
stm32f4xx_hal_i2c.c:3654:19:HAL_I2C_Master_Seq_Transmit_DMA	40	static
stm32f4xx_hal_i2c.c:3837:19:HAL_I2C_Master_Seq_Receive_IT	40	static
stm32f4xx_hal_i2c.c:3961:19:HAL_I2C_Master_Seq_Receive_DMA	40	static
stm32f4xx_hal_i2c.c:4179:19:HAL_I2C_Slave_Seq_Transmit_IT	32	static
stm32f4xx_hal_i2c.c:4245:19:HAL_I2C_Slave_Seq_Transmit_DMA	32	static
stm32f4xx_hal_i2c.c:4419:19:HAL_I2C_Slave_Seq_Receive_IT	32	static
stm32f4xx_hal_i2c.c:4485:19:HAL_I2C_Slave_Seq_Receive_DMA	32	static
stm32f4xx_hal_i2c.c:4655:19:HAL_I2C_EnableListen_IT	16	static
stm32f4xx_hal_i2c.c:4688:19:HAL_I2C_DisableListen_IT	24	static
stm32f4xx_hal_i2c.c:4723:19:HAL_I2C_Master_Abort_IT	24	static
stm32f4xx_hal_i2c.c:4782:6:HAL_I2C_EV_IRQHandler	40	static
stm32f4xx_hal_i2c.c:4951:6:HAL_I2C_ER_IRQHandler	48	static
stm32f4xx_hal_i2c.c:5031:13:HAL_I2C_MasterTxCpltCallback	16	static
stm32f4xx_hal_i2c.c:5047:13:HAL_I2C_MasterRxCpltCallback	16	static
stm32f4xx_hal_i2c.c:5062:13:HAL_I2C_SlaveTxCpltCallback	16	static
stm32f4xx_hal_i2c.c:5078:13:HAL_I2C_SlaveRxCpltCallback	16	static
stm32f4xx_hal_i2c.c:5096:13:HAL_I2C_AddrCallback	16	static
stm32f4xx_hal_i2c.c:5114:13:HAL_I2C_ListenCpltCallback	16	static
stm32f4xx_hal_i2c.c:5130:13:HAL_I2C_MemTxCpltCallback	16	static
stm32f4xx_hal_i2c.c:5146:13:HAL_I2C_MemRxCpltCallback	16	static
stm32f4xx_hal_i2c.c:5162:13:HAL_I2C_ErrorCallback	16	static
stm32f4xx_hal_i2c.c:5178:13:HAL_I2C_AbortCpltCallback	16	static
stm32f4xx_hal_i2c.c:5213:22:HAL_I2C_GetState	16	static
stm32f4xx_hal_i2c.c:5225:21:HAL_I2C_GetMode	16	static
stm32f4xx_hal_i2c.c:5236:10:HAL_I2C_GetError	16	static
stm32f4xx_hal_i2c.c:5259:13:I2C_MasterTransmit_TXE	24	static
stm32f4xx_hal_i2c.c:5353:13:I2C_MasterTransmit_BTF	24	static
stm32f4xx_hal_i2c.c:5432:13:I2C_MemoryTransmit_TXE_BTF	24	static
stm32f4xx_hal_i2c.c:5518:13:I2C_MasterReceive_RXNE	24	static
stm32f4xx_hal_i2c.c:5626:13:I2C_MasterReceive_BTF	24	static
stm32f4xx_hal_i2c.c:5752:13:I2C_Master_SB	16	static
stm32f4xx_hal_i2c.c:5813:13:I2C_Master_ADD10	16	static
stm32f4xx_hal_i2c.c:5832:13:I2C_Master_ADDR	72	static
stm32f4xx_hal_i2c.c:5977:13:I2C_SlaveTransmit_TXE	24	static
stm32f4xx_hal_i2c.c:6018:13:I2C_SlaveTransmit_BTF	16	static
stm32f4xx_hal_i2c.c:6039:13:I2C_SlaveReceive_RXNE	24	static
stm32f4xx_hal_i2c.c:6080:13:I2C_SlaveReceive_BTF	16	static
stm32f4xx_hal_i2c.c:6102:13:I2C_Slave_ADDR	24	static
stm32f4xx_hal_i2c.c:6153:13:I2C_Slave_STOPF	24	static
stm32f4xx_hal_i2c.c:6322:13:I2C_Slave_AF	24	static
stm32f4xx_hal_i2c.c:6388:13:I2C_ITError	24	static
stm32f4xx_hal_i2c.c:6554:26:I2C_MasterRequestWrite	40	static
stm32f4xx_hal_i2c.c:6624:26:I2C_MasterRequestRead	40	static
stm32f4xx_hal_i2c.c:6724:26:I2C_RequestMemoryWrite	40	static
stm32f4xx_hal_i2c.c:6804:26:I2C_RequestMemoryRead	40	static
stm32f4xx_hal_i2c.c:6913:13:I2C_DMAXferCplt	32	static
stm32f4xx_hal_i2c.c:7051:13:I2C_DMAError	24	static
stm32f4xx_hal_i2c.c:7092:13:I2C_DMAAbort	32	static
stm32f4xx_hal_i2c.c:7195:26:I2C_WaitOnFlagUntilTimeout	24	static
stm32f4xx_hal_i2c.c:7229:26:I2C_WaitOnMasterAddressFlagUntilTimeout	24	static
stm32f4xx_hal_i2c.c:7280:26:I2C_WaitOnTXEFlagUntilTimeout	24	static
stm32f4xx_hal_i2c.c:7318:26:I2C_WaitOnBTFFlagUntilTimeout	24	static
stm32f4xx_hal_i2c.c:7356:26:I2C_WaitOnSTOPFlagUntilTimeout	24	static
stm32f4xx_hal_i2c.c:7389:26:I2C_WaitOnSTOPRequestThroughIT	24	static
stm32f4xx_hal_i2c.c:7418:26:I2C_WaitOnRXNEFlagUntilTimeout	24	static
stm32f4xx_hal_i2c.c:7463:26:I2C_IsAcknowledgeFailed	16	static
stm32f4xx_hal_i2c.c:7488:13:I2C_ConvertOtherXferOptions	16	static
